Shell 和其他程序一样，是介于 Kernel 和用户之间的程序，可以保护 Kernel，同时提供良好的与用户交互的界面

/etc/shells 中包含了当前系统中具有的所有 shell 程序

/etc/passwd 中定义了某个用户登录后使用的 shell 是哪个



~/.bash_history 记录了 bash 命令的历史
每次在 tty 或者在 terminal 中执行了 exit 命令都会更新 bash 历史


查看命令历史
history [n]
history [-c]
history [-raw]

系统会在登录成功后自动将 HISTFILE 里的记录加载到内存中，并在内存中不断记录新的历史记录
n 列出最近 n 条历史记录
-c 清楚内存中所有的历史记录
-a 将内存中 新的历史记录 追加 至硬盘文件中
-r 从硬盘文件 读取 历史记录 并覆写 内存
-w 将内存中 所有的历史记录 覆写 至硬盘文件中


重复执行之前的命令
!<number> 重复执行 history 编号为 <number> 的命令
!! 重复执行上个命令
!<strings> 重复执行以 <strings> 开头的最新命令


设置命令别名
alias [-p] [别名=原命令]
-p 打印当前所有的别名


别名的存储文件
当前 ~/.bashrc
全局 /etc/bashrc

取消设置别名
unalias [-a] [别名]
-a 取消全部别名

检查命令是否为 bash 的内建命令

type [-tpa] <命令>
不加参数时，若命令是 shell 内建的则显示 builtin
			若命令不是 shell 内建的则显示命令位置
-t 只有三种返回
	file 表示外部命令
	alias 表示这是一个命令的别名
	builtin 表示这是一个 shell 内建的命令
-p 若指令为外部指令，则显示完整文件名
-a 搜索 PATH 定义的位置，将所有相关的 命令/别名 都罗列出来



快速编辑命令

<Ctrl>+{u|k} 分别从光标处 向前/向后 删除指令
<Ctrl>+{a|e} 光标移动至命令的 最前端/最后端



变量名的 赋予/引用/解除

变量名=值

变量名和值都不能直接含有空格

变量名不能以数字开头


$变量名 / ${变量名} 变量名的调用

echo $变量名 显示变量的值
echo ${变量名} 显示变量的值


使用 双引号 引用变量的时候，会输出变量的值
使用 单引号 引用变量的时候，会输出变量的名

eg.
[ep@epct ~]$ a=xyz
[ep@epct ~]$ echo "$a"
# 返回 xyz
[ep@epct ~]$ echo '$a'
# 返回 $a


$(命令) 可以将命令执行的输出值赋给另一个匿名的变量

eg.
ls -l /bin/modules/$(uname -r)/kernel/fs
#其中的 $(uname -r) 就输出了当前系统的版本号

使用 <变量名A>=$<变量名A>[待添加数据] 来添加数据

如果要让变量被子程序（child shell）使用，就要将该变量变成 环境变量
export <变量名>

一般来说，系统变量名 都为 大写，所以可以使用 小写 变量名 来设定自定义的变量

解除一个变量的方法
unset <变量名>



env 查看环境变量（当前会话中有效）

env 常用返回值解释

<01> HOME 当前使用者主目录路径

<02> TERM 当前启动环境
	tty 模式显示为 Linux
	Terminal 模式则显示为 xterm 或 xterm-256color

<03> SHELL 当前使用的 Shell 类型
	一般为 /bin/bash

<04> HISTSIZE shell 在内存中最大历史长度

<05> USER 当前使用者名

<06> LS_COLORS 在 ls 中特殊 格式/文件 使用的特殊颜色
	以 分号 ; 隔开RGB值
	以 冒号 : 隔开不同的条目

<07> MAIL 使用 mail 命令收发邮件时，查询的本地目录

<08> PATH 命令的搜索路径
	以 冒号 : 隔开不同条目
	具有 短路 性质，也既按照条目顺序搜索，找到第一个匹配项之后忽略后续可能有的匹配项

<09> PWD 输出当前工作路径

<10> LANG 输出当前语言环境

<11> SHLVL 当前 Shell 的深度（也就是需要几次 exit 才能退回登录界面）

<12> BASH_SUBSHELL 真正的 子进程（SubShell） 深度
	sub shell 是仅调用 fork 函数产生的进程，可以完全使用父进程的所有变量
	child shell 在调用了一次 fork 之后又 调用 execve 重新用 /bin/bash 程序加载了一遍 脚本 而产生的新 shell
	所以 child shell 只能继承 父进程 export 之后的变量

<13> XDG_VTNR 当前使用第几个 tty 启动的 shell

<14> XDG_SESSION_ID 从开机到当前 shell 一共启动了多少了个 shell

<15> _ 返回最后一个命令的参数，若没有参数则返回最后一个命令


set 查看当前 shell 具有的变量（仅在本 shell 中有效）

<01> BASH 当前使用的 shell

<02> BASH_VERSINFO 当前 bash 版本（分字段）

<03> BASH_VERSION 当前 bash 版本

<04> COLUMNS 当前屏幕的宽度，单位 字符

<05> LINES 当前屏幕的长度，单位 字符

<06> HISTFILE 当前 bash 历史记录文件路径

<07> HISTFILESIZE bash 历史文件能够记录的最大历史数量

<08> HISTSIZE 内存能存储的 bash 历史的最大数量

<09> IFS 默认分割符号
	Interal Field Seprator
	默认是 空格 制表符 换行符
	对应的二进制码 040 011 012

<10> HOSTTYPE 主机硬件的版本

<10> MACHTYPE 当前的系统版本

<11> OSTYPE 操作系统类型

<12> PS1 首行提示符
	默认内容为 '[\u@\h \W]\$'
	也就是普通行头 [ep@epct ~]$ 这个提示符的来源

<13> PS2 次行提示符
	也就是跳脱行行头 > 这个提示符的来源

PS1 以及 PS2 特殊定义符

\d 以 星期 月 日 的格式显示时间
\H 显示完整主机名
\h 仅显示第一个小数点之前的主机名
\t 二十四小时制显示时间 HH:MM:SS
\T 十二小时制显示时间 HH:MM:SS
\A 十二小时制显示时间 HH:MM
\@ 十二小时制显示时间 HH:MM am/pm
\u 当前用户名
\v Bash 版本，仅显示 <主版本号>.<副版本号>
\w 显示完整的当前工作路径，主目录则会用 ~ 代替
\W 显示当前所在的目录名，调用的是 basename 函数
\# 显示当前会话下达的命令数
\$ 提示符，非 root 用户为 $ ， root 用户为 #

<14> $ 当前 shell 的 PID（Process ID）

<15> ? 获取上一个命令的返回值



export 将 自定义变量转化为环境变量 set -> env

export 显示所有的变量
export <变量名> 将 自定义变量变为环境变量



读取键盘输入

read [-p <提示文字>] [-t <超时秒数>] <变量名>



变量的声明
declare [-p <变量名>]
declare/typeset [-aixr] [<变量名>=<变量值>]
declare [+x <变量名>]
不添加参数时，输出当前 shell 含有所有的变量
-p 输出指定变量名的值
-a 设定变量为 array 类型
-i 设定变量为 integer 类型
-x 默认将变量声明为 环境变量
+x 将变量重新变为 本地变量
-r 设定变量为 只读 变量
	注意只读变量只有登出后才能恢复为可重新读写的状态


eg1.
[ep@epct ~]$ declare sum1=100+300+50
[ep@epct ~]$ declare -i sum2=100+300+50
[ep@epct ~]$ echo 'sum1='$sum1 'sum2='$sum2
# 返回 sum1=100+300+50 sum2=450

<1> 默认情况下，变量都是 string 类型
<2> 变量计算可以参与变量赋予

eg2.
[ep@epct ~]$ declare -i divide1=1/3
[ep@epct ~]$ echo 'divide1='$divide1
# 返回 deivide1=0

# bash不计算浮点数



数组的声明以及引用
eg.
[ep@epct ~]$ array1[0]=5
[ep@epct ~]$ echo ${array1["1"]}
# 返回 5

<1> 数组的引用必须加 大括号 {}
<2> 数组的 key value 都是 string 类型



变量值的删除与替换（非原地修改）


变量值的删除

从头删除匹配字符（最小匹配模式）
${<变量名>#<匹配字符>}

从头删除匹配字符（最大匹配模式）
${<变量名>##<匹配字符>}

从尾删除匹配字符（最小匹配模式）
${<变量名>%<匹配字符>}

从尾删除匹配字符（最大匹配模式）
${<变量名>%%<匹配字符>}


变量值的查找替换

从头替换第一个找到的字符
${<变量名>/<匹配字符>/<新字符>}

从头替换所有找到的字符
${<变量名>//<匹配字符>/<新字符>}


变量的重设定

方法						var1不存在		var1为空			var1有值

var2=${var1-NStr}		var2=NStr		var2=""			var2=$var1
var2=${var1:-NStr}		var2=NStr		var2=NStr		var2=$var1

var2=${var1+NStr}		var2=""			var2=NStr		var2=NStr
var2=${var1:+NStr}		var2=""			var2=""			var2=NStr

var2=${var1=NStr}		var1=NStr		var1=""			var1=$var1
						var2=NStr		var2=""			var1=$var1
var2=${var1:=NStr}		var1=NStr		var1=NStr		var1=$var1
						var2=NStr		var2=NStr		var2=$var1

var2=${var1?NStr}		NStr->stderr	var2=""			var2=$var1
var2=${var1:?NStr}		NStr->stderr	NStr->stderr	var2=$var1

-	“设定式” 替换 变量值（仅当 未指定 时起效）
:-	“设定式” 替换 变量值（未指定 和 为空 都起效）

+	“追加式” 替换 变量值（只要 存在 就起效）
:+	“追加式” 替换 变量值（只有 有值 才起效）

=	“设定式” 修改 变量值（只有 未设定 时起效）
:=	“设定式” 修改 变量值（未指定 和 为空 都起效）

?	输出错误（仅当 未指定 时起效）
:?	输出错误（未指定 和 为空 都起效）



Bash 的两种启动状态 login 和 non-login

login 需要完整账户名和密码才能启动的状态
		比如 tty 登录

non-login 未输入账户和密码就启动的状态
			比如登录过后在 tty 中启动 shell
			或 在登录过的 GUI 界面 启动 terminal


login 状态会读取的配置文件
<1> /etc/profile 系统级别的预设文件
<2> ~/.bash_profile 或 ~/.bash_login 或 ~/.profile 个人级别的预设文件


login 状态下 系统级别配置文件
/etc/profile 是一组判断语句，用于设定 PATH MAIL USER HOSTNAME umask

/etc/profile 还会调用外部文件 /etc/profile.d/*.sh 进行设定

/etc/profile.d/*.sh 定义了 bash 的颜色、别名等等设置
/etc/profile.d/*.sh 又会调用 /etc/locale.conf 和 /usr/share/bash-completion/completions/* 来设置 语系 与 自动补全信息


login 状态下 用户级别配置文件
~/.bash_profile ~/.bash_login ~/.profile 三者逐次寻找，短路执行

~/.bash_profile 会调用 ~/.bashrc 文件进行配置，并为 PATH 添加当前用户的特殊路径

~/.bashrc 会调用 /etc/bashrc 文件进行配置（rc 代表 runcom 可理解为 run command）

/etc/bashrc 会设定 umask PS1 的值

在不重新登录的情况下重载 /etc/profile 和 ~/.bash_profile
source <配置文件>
. <配置文件>


non-login 的状态的下的配置文件

只执行 ~/.bashrc 的内容，同样会执行 /etc/bashrc 的内容


其他相关配置文件

/etc/man_db.conf

指定了系统搜索 man page 的目录
当使用 tarball 安装程序的时候，man page 可能存放在 /usr/local/<软件名>/man 这个目录下
所以需要手动添加至 /etc/man_db.conf 中，以便被 man 调用


~/.bash_logout

当用户登出 bash 后，系统又执行了那些命令才正式结束



stty 查看当前 tty 的设置

stty -a 输出当前 tty 的所有配置
stty <命令> <快捷键> 配置某个命令的快捷键

比较重要的几个默认设置

intr = ^C	发送 interrupt 信号给当前程序
erase = ^?	向后删除字符
kill = ^U	删除当前指令行的文字
eof = ^D	End of file；指令结束
start = ^Q	启用屏幕输出（用这个命令解除屏幕锁死）
stop = ^S	停止屏幕输出（会锁死屏幕）
susp = ^Z	发出 terminal stop 信号给当前程序

#其中 ^ 表示 ctrl 键， ^? 指退格键



bash 的 通配符 与 特殊符号

通配符

* 匹配从 0 到任意多个的字符
? 匹配有且仅有一个的字符
[<字符1><字符2><字符3>...] 至少匹配到一个括号内的字符
[<字符1>-<字符2>] 匹配该区间字符
[^] 排除指定的字符

eg.
/etc/cron* 匹配文件名以 cron 开头的（含 cron 本身） 的文件
/etc/????? 匹配文件名为 五个字符 的文件
/etc/*[0-9]* 匹配文件名中含有数字（含 只有数字 本身）的文件
/etc/[^a-z]* 匹配文件名以非小写字母开头的文件

特殊符号

# 注释开头
\ 转义字符
| 管道符号
; 命令分割
~ 主目录
$ 引用变量
& 后台工作
! 非运算符
/ 路径分割
> 输出重定向 覆写模式
>> 输出重定向 追加模式
< 输入重定向
<< 输入重定向
'' 单引号 不解析引号内部的变量
"" 双引号 解析引号内部含有的变量
`` （弃用）反引号 执行反引号内的命令
() 启动 subshell 执行命令
{} 命令块的组合

# 以上字符不要出现在文件名中



输入输出重定向

标准输入		stdin	文件描述符0	重导向符 < 或 <<
标准输出		stdout	文件描述符1	重导向符 > 或 >>
标准错误输出	stderr	文件描述符2	重导向符 2> 或 2>>

& 代表 文件描述符


eg.
# 二重定向 至 双文件
[ep@epct ~]$ find /home -name .bashrc > list_right 2> list_error

# 将正常的输出 定向至 list_right 将报错定向至 list_error


# 二重定向 至 单文件
[ep@epct ~]$ find /home -name .bashrc > list_all 2>&1

# 将 正常输出 重定向 至 文件 list_all
# 将 错误输出 重定向 至 文件描述符 1 也就是 正常输出

# 注意1 不可以写成 <cmd> > <file1> 2> <file1>
# 这样 stdout 和 errout 会互相覆写对方的文件内容

# 注意2 不可以写成 <cmd> 2>&1 > <file1>
# 因为 &1 还没有重定向至文件

# Tip 二重定向 至 单文件 可以简写为 <cmd> &> <file1>


/dev/null 丢弃某类输出的方法

eg.
[ep@epct ~]$ find /home -name .bashrc 2> /dev/null

# 这会让系统将错误信息定向至 /dev/null ，清除这个信息


输入重定向

eg1.
[ep@epct ~]$ cat < ~/.bachrc > catfile

# 将 ~/.bashrc 文件作为 cat 的输入源， 接着将输出的内容写入到 catfile 中

# 这个命令等价于 cat ~/.bachrc > catfile


eg2.
[ep@epct ~]$ cat << "eof" > catfile

# 这个命令会让 cat 等待用户的键盘输入直到 用户输入 eof 才会结束等待



Bash 中的 短路与操作（&&） 和 短路或操作（||）

<commandA> && <commandB> 仅当 <commandA> 的回传值（$?）为 0 的时候， 执行 <commandB>

<commandA> || <commandB> 仅当 <commandA> 的回传值（$?）值不为 0 的时候， 执行 <commandB>


eg1.

ls /tmp/abc || mkdir /tmp/abc && touch /tmp/abc/hehe

# 以上命令会判定 abc 目录是否存在，不存在就新建一个，并创建一个名为 hehe 的文件

eg2.

ls /tmp/abc || echo "not exist" && echo "exist"

# 若 ls /tmp/abc 执行成功，则跳到 && 判定，执行 echo "exist"

# 若 ls /tmp/abc 不成功，则执行 echo "not exist"
# 并返回 echo "not exist" 执行成功，接着执行 && 判定，执行 echo "exist"

# 所以无论 ls /tmp/abc 是否存在都会输出 "exist"，但只有不存在时才输出 "not exist"

